Copyright 1986-2022 Xilinx, Inc. All Rights Reserved. Copyright 2022-2025 Advanced Micro Devices, Inc. All Rights Reserved.
--------------------------------------------------------------------------------------------------------------------------------------------------------------
| Tool Version : Vivado v.2025.2 (win64) Build 6299465 Fri Nov 14 19:35:11 GMT 2025
| Date         : Sat May  2 10:09:17 2026
| Host         : NGOCQUYEN running 64-bit major release  (build 9200)
| Command      : report_timing_summary -file D:/Project1_KiThuatAudio_video/Convolution-5X5Proccesing-Image-main/vivado_project/reports/timing_post_route.rpt
| Design       : top_convolution
| Device       : 7z020-clg400
| Speed File   : -1  PRODUCTION 1.12 2019-11-22
| Design State : Routed
--------------------------------------------------------------------------------------------------------------------------------------------------------------

Timing Summary Report

------------------------------------------------------------------------------------------------
| Timer Settings
| --------------
------------------------------------------------------------------------------------------------

  Enable Multi Corner Analysis               :  Yes
  Enable Pessimism Removal                   :  Yes
  Pessimism Removal Resolution               :  Nearest Common Node
  Enable Input Delay Default Clock           :  No
  Enable Preset / Clear Arcs                 :  No
  Disable Flight Delays                      :  No
  Ignore I/O Paths                           :  No
  Timing Early Launch at Borrowing Latches   :  No
  Borrow Time for Max Delay Exceptions       :  Yes
  Merge Timing Exceptions                    :  Yes
  Inter-SLR Compensation                     :  Conservative

  Corner  Analyze    Analyze    
  Name    Max Paths  Min Paths  
  ------  ---------  ---------  
  Slow    Yes        Yes        
  Fast    Yes        Yes        


------------------------------------------------------------------------------------------------
| Report Methodology
| ------------------
------------------------------------------------------------------------------------------------

Rule       Severity  Description                                                Violations  
---------  --------  ---------------------------------------------------------  ----------  
SYNTH-5    Warning   Mapped onto distributed RAM because of timing constraints  504         
SYNTH-6    Warning   Timing of a RAM block might be sub-optimal                 2           
TIMING-18  Warning   Missing input or output delay                              73          

Note: This report is based on the most recent report_methodology run and may not be up-to-date. Run report_methodology on the current design for the latest report.



check_timing report

Table of Contents
-----------------
1. checking no_clock (0)
2. checking constant_clock (0)
3. checking pulse_width_clock (0)
4. checking unconstrained_internal_endpoints (0)
5. checking no_input_delay (48)
6. checking no_output_delay (25)
7. checking multiple_clock (0)
8. checking generated_clocks (0)
9. checking loops (0)
10. checking partial_input_delay (0)
11. checking partial_output_delay (0)
12. checking latch_loops (0)

1. checking no_clock (0)
------------------------
 There are 0 register/latch pins with no clock.


2. checking constant_clock (0)
------------------------------
 There are 0 register/latch pins with constant_clock.


3. checking pulse_width_clock (0)
---------------------------------
 There are 0 register/latch pins which need pulse_width check


4. checking unconstrained_internal_endpoints (0)
------------------------------------------------
 There are 0 pins that are not constrained for maximum delay.

 There are 0 pins that are not constrained for maximum delay due to constant clock.


5. checking no_input_delay (48)
-------------------------------
 There are 48 input ports with no input delay specified. (HIGH)

 There are 0 input ports with no input delay but user has a false path constraint.


6. checking no_output_delay (25)
--------------------------------
 There are 25 ports with no output delay specified. (HIGH)

 There are 0 ports with no output delay but user has a false path constraint

 There are 0 ports with no output delay but with a timing clock defined on it or propagating through it


7. checking multiple_clock (0)
------------------------------
 There are 0 register/latch pins with multiple clocks.


8. checking generated_clocks (0)
--------------------------------
 There are 0 generated clocks that are not connected to a clock source.


9. checking loops (0)
---------------------
 There are 0 combinational loops in the design.


10. checking partial_input_delay (0)
------------------------------------
 There are 0 input ports with partial input delay specified.


11. checking partial_output_delay (0)
-------------------------------------
 There are 0 ports with partial output delay specified.


12. checking latch_loops (0)
----------------------------
 There are 0 combinational latch loops in the design through latch input



------------------------------------------------------------------------------------------------
| Design Timing Summary
| ---------------------
------------------------------------------------------------------------------------------------

    WNS(ns)      TNS(ns)  TNS Failing Endpoints  TNS Total Endpoints      WHS(ns)      THS(ns)  THS Failing Endpoints  THS Total Endpoints     WPWS(ns)     TPWS(ns)  TPWS Failing Endpoints  TPWS Total Endpoints  
    -------      -------  ---------------------  -------------------      -------      -------  ---------------------  -------------------     --------     --------  ----------------------  --------------------  
      9.169        0.000                      0                25184        0.048        0.000                      0                25184       11.250        0.000                       0                  2707  


All user specified timing constraints are met.


------------------------------------------------------------------------------------------------
| Clock Summary
| -------------
------------------------------------------------------------------------------------------------

Clock  Waveform(ns)       Period(ns)      Frequency(MHz)
-----  ------------       ----------      --------------
clk    {0.000 12.500}     25.000          40.000          


------------------------------------------------------------------------------------------------
| Intra Clock Table
| -----------------
------------------------------------------------------------------------------------------------

Clock             WNS(ns)      TNS(ns)  TNS Failing Endpoints  TNS Total Endpoints      WHS(ns)      THS(ns)  THS Failing Endpoints  THS Total Endpoints     WPWS(ns)     TPWS(ns)  TPWS Failing Endpoints  TPWS Total Endpoints  
-----             -------      -------  ---------------------  -------------------      -------      -------  ---------------------  -------------------     --------     --------  ----------------------  --------------------  
clk                 9.169        0.000                      0                25184        0.048        0.000                      0                25184       11.250        0.000                       0                  2707  


------------------------------------------------------------------------------------------------
| Inter Clock Table
| -----------------
------------------------------------------------------------------------------------------------

From Clock    To Clock          WNS(ns)      TNS(ns)  TNS Failing Endpoints  TNS Total Endpoints      WHS(ns)      THS(ns)  THS Failing Endpoints  THS Total Endpoints  
----------    --------          -------      -------  ---------------------  -------------------      -------      -------  ---------------------  -------------------  


------------------------------------------------------------------------------------------------
| Other Path Groups Table
| -----------------------
------------------------------------------------------------------------------------------------

Path Group    From Clock    To Clock          WNS(ns)      TNS(ns)  TNS Failing Endpoints  TNS Total Endpoints      WHS(ns)      THS(ns)  THS Failing Endpoints  THS Total Endpoints  
----------    ----------    --------          -------      -------  ---------------------  -------------------      -------      -------  ---------------------  -------------------  


------------------------------------------------------------------------------------------------
| Timing Details
| --------------
------------------------------------------------------------------------------------------------


---------------------------------------------------------------------------------------------------
From Clock:  clk
  To Clock:  clk

Setup :            0  Failing Endpoints,  Worst Slack        9.169ns,  Total Violation        0.000ns
Hold  :            0  Failing Endpoints,  Worst Slack        0.048ns,  Total Violation        0.000ns
PW    :            0  Failing Endpoints,  Worst Slack       11.250ns,  Total Violation        0.000ns
---------------------------------------------------------------------------------------------------


Max Delay Paths
--------------------------------------------------------------------------------------
Slack (MET) :             9.169ns  (required time - arrival time)
  Source:                 u_line_buffer/x_count_reg[4]/C
                            (rising edge-triggered cell FDRE clocked by clk  {rise@0.000ns fall@12.500ns period=25.000ns})
  Destination:            p_1_out__9/B[2]
                            (rising edge-triggered cell DSP48E1 clocked by clk  {rise@0.000ns fall@12.500ns period=25.000ns})
  Path Group:             clk
  Path Type:              Setup (Max at Slow Process Corner)
  Requirement:            25.000ns  (clk rise@25.000ns - clk rise@0.000ns)
  Data Path Delay:        15.164ns  (logic 1.364ns (8.995%)  route 13.800ns (91.005%))
  Logic Levels:           5  (LUT6=2 MUXF7=1 MUXF8=1 RAMS64E=1)
  Clock Path Skew:        -0.182ns (DCD - SCD + CPR)
    Destination Clock Delay (DCD):    4.564ns = ( 29.564 - 25.000 ) 
    Source Clock Delay      (SCD):    5.089ns
    Clock Pessimism Removal (CPR):    0.342ns
  Clock Uncertainty:      0.035ns  ((TSJ^2 + TIJ^2)^1/2 + DJ) / 2 + PE
    Total System Jitter     (TSJ):    0.071ns
    Total Input Jitter      (TIJ):    0.000ns
    Discrete Jitter          (DJ):    0.000ns
    Phase Error              (PE):    0.000ns

    Location             Delay type                Incr(ns)  Path(ns)    Netlist Resource(s)
  -------------------------------------------------------------------    -------------------
                         (clock clk rise edge)        0.000     0.000 r  
    N20                                               0.000     0.000 r  clk (IN)
                         net (fo=0)                   0.000     0.000    clk
    N20                  IBUF (Prop_ibuf_I_O)         0.940     0.940 r  clk_IBUF_inst/O
                         net (fo=1, routed)           2.205     3.145    clk_IBUF
    BUFGCTRL_X0Y16       BUFG (Prop_bufg_I_O)         0.101     3.246 r  clk_IBUF_BUFG_inst/O
                         net (fo=2706, routed)        1.843     5.089    u_line_buffer/clk_IBUF_BUFG
    SLICE_X48Y101        FDRE                                         r  u_line_buffer/x_count_reg[4]/C
  -------------------------------------------------------------------    -------------------
    SLICE_X48Y101        FDRE (Prop_fdre_C_Q)         0.456     5.545 r  u_line_buffer/x_count_reg[4]/Q
                         net (fo=2166, routed)        7.410    12.954    u_line_buffer/line0_reg_512_767_10_10/A4
    SLICE_X58Y56         RAMS64E (Prop_rams64e_ADR4_O)
                                                      0.120    13.074 r  u_line_buffer/line0_reg_512_767_10_10/RAMS64E_C/O
                         net (fo=1, routed)           0.000    13.074    u_line_buffer/line0_reg_512_767_10_10/OC
    SLICE_X58Y56         MUXF7 (Prop_muxf7_I1_O)      0.247    13.321 r  u_line_buffer/line0_reg_512_767_10_10/F7.B/O
                         net (fo=1, routed)           0.000    13.321    u_line_buffer/line0_reg_512_767_10_10/O0
    SLICE_X58Y56         MUXF8 (Prop_muxf8_I0_O)      0.098    13.419 r  u_line_buffer/line0_reg_512_767_10_10/F8/O
                         net (fo=1, routed)           1.117    14.536    u_line_buffer/line0_reg_512_767_10_10_n_0
    SLICE_X59Y61         LUT6 (Prop_lut6_I2_O)        0.319    14.855 r  u_line_buffer/sr3[4][10]_i_2/O
                         net (fo=1, routed)           1.001    15.856    u_line_buffer/sr3[4][10]_i_2_n_0
    SLICE_X59Y67         LUT6 (Prop_lut6_I4_O)        0.124    15.980 r  u_line_buffer/sr3[4][10]_i_1/O
                         net (fo=33, routed)          4.272    20.252    p_0_out0_in[10]
    DSP48_X0Y7           DSP48E1                                      r  p_1_out__9/B[2]
  -------------------------------------------------------------------    -------------------

                         (clock clk rise edge)       25.000    25.000 r  
    N20                                               0.000    25.000 r  clk (IN)
                         net (fo=0)                   0.000    25.000    clk
    N20                  IBUF (Prop_ibuf_I_O)         0.806    25.806 r  clk_IBUF_inst/O
                         net (fo=1, routed)           2.006    27.812    clk_IBUF
    BUFGCTRL_X0Y16       BUFG (Prop_bufg_I_O)         0.091    27.903 r  clk_IBUF_BUFG_inst/O
                         net (fo=2706, routed)        1.661    29.564    clk_IBUF_BUFG
    DSP48_X0Y7           DSP48E1                                      r  p_1_out__9/CLK
                         clock pessimism              0.342    29.907    
                         clock uncertainty           -0.035    29.871    
    DSP48_X0Y7           DSP48E1 (Setup_dsp48e1_CLK_B[2])
                                                     -0.450    29.421    p_1_out__9
  -------------------------------------------------------------------
                         required time                         29.421    
                         arrival time                         -20.252    
  -------------------------------------------------------------------
                         slack                                  9.169    





Min Delay Paths
--------------------------------------------------------------------------------------
Slack (MET) :             0.048ns  (arrival time - required time)
  Source:                 u_line_buffer/x_count_reg[0]_rep__10/C
                            (rising edge-triggered cell FDRE clocked by clk  {rise@0.000ns fall@12.500ns period=25.000ns})
  Destination:            u_line_buffer/line1_reg_0_127_0_0__5/HIGH/ADR0
                            (rising edge-triggered cell RAMS64E clocked by clk  {rise@0.000ns fall@12.500ns period=25.000ns})
  Path Group:             clk
  Path Type:              Hold (Min at Fast Process Corner)
  Requirement:            0.000ns  (clk rise@0.000ns - clk rise@0.000ns)
  Data Path Delay:        0.371ns  (logic 0.141ns (38.046%)  route 0.230ns (61.954%))
  Logic Levels:           0  
  Clock Path Skew:        0.013ns (DCD - SCD - CPR)
    Destination Clock Delay (DCD):    2.049ns
    Source Clock Delay      (SCD):    1.528ns
    Clock Pessimism Removal (CPR):    0.508ns

    Location             Delay type                Incr(ns)  Path(ns)    Netlist Resource(s)
  -------------------------------------------------------------------    -------------------
                         (clock clk rise edge)        0.000     0.000 r  
    N20                                               0.000     0.000 r  clk (IN)
                         net (fo=0)                   0.000     0.000    clk
    N20                  IBUF (Prop_ibuf_I_O)         0.169     0.169 r  clk_IBUF_inst/O
                         net (fo=1, routed)           0.674     0.843    clk_IBUF
    BUFGCTRL_X0Y16       BUFG (Prop_bufg_I_O)         0.026     0.869 r  clk_IBUF_BUFG_inst/O
                         net (fo=2706, routed)        0.659     1.528    u_line_buffer/clk_IBUF_BUFG
    SLICE_X55Y101        FDRE                                         r  u_line_buffer/x_count_reg[0]_rep__10/C
  -------------------------------------------------------------------    -------------------
    SLICE_X55Y101        FDRE (Prop_fdre_C_Q)         0.141     1.669 r  u_line_buffer/x_count_reg[0]_rep__10/Q
                         net (fo=156, routed)         0.230     1.899    u_line_buffer/line1_reg_0_127_0_0__5/A0
    SLICE_X54Y101        RAMS64E                                      r  u_line_buffer/line1_reg_0_127_0_0__5/HIGH/ADR0
  -------------------------------------------------------------------    -------------------

                         (clock clk rise edge)        0.000     0.000 r  
    N20                                               0.000     0.000 r  clk (IN)
                         net (fo=0)                   0.000     0.000    clk
    N20                  IBUF (Prop_ibuf_I_O)         0.357     0.357 r  clk_IBUF_inst/O
                         net (fo=1, routed)           0.731     1.088    clk_IBUF
    BUFGCTRL_X0Y16       BUFG (Prop_bufg_I_O)         0.029     1.117 r  clk_IBUF_BUFG_inst/O
                         net (fo=2706, routed)        0.932     2.049    u_line_buffer/line1_reg_0_127_0_0__5/WCLK
    SLICE_X54Y101        RAMS64E                                      r  u_line_buffer/line1_reg_0_127_0_0__5/HIGH/CLK
                         clock pessimism             -0.508     1.541    
    SLICE_X54Y101        RAMS64E (Hold_rams64e_CLK_ADR0)
                                                      0.310     1.851    u_line_buffer/line1_reg_0_127_0_0__5/HIGH
  -------------------------------------------------------------------
                         required time                         -1.851    
                         arrival time                           1.899    
  -------------------------------------------------------------------
                         slack                                  0.048    





Pulse Width Checks
--------------------------------------------------------------------------------------
Clock Name:         clk
Waveform(ns):       { 0.000 12.500 }
Period(ns):         25.000
Sources:            { clk }

Check Type        Corner  Lib Pin      Reference Pin  Required(ns)  Actual(ns)  Slack(ns)  Location      Pin
Min Period        n/a     DSP48E1/CLK  n/a            3.884         25.000      21.116     DSP48_X2Y36   u_mac_array/mul_b_q_reg[15]/CLK
Low Pulse Width   Slow    RAMS64E/CLK  n/a            1.250         12.500      11.250     SLICE_X50Y78  u_line_buffer/line0_reg_0_127_0_0/HIGH/CLK
High Pulse Width  Slow    RAMS64E/CLK  n/a            1.250         12.500      11.250     SLICE_X50Y78  u_line_buffer/line0_reg_0_127_0_0/HIGH/CLK



